<html>
<body>
<pre>
<h1>µVision Build Log</h1>
<h2>Tool Versions:</h2>
IDE-Version: ?Vision V5.17.0.0
Copyright (C) 2015 ARM Ltd and ARM Germany GmbH. All rights reserved.
License Information: Nitinon Penglao, Nitinon, LIC=Q7GLQ-NAHFB-8XIUZ-J92UX-9CML7-56JR4
 
Tool Versions:
Toolchain:       MDK-ARM Professional  Version: 5.17
Toolchain Path:  E:\Keil\ARM\ARMCC\Bin
C Compiler:      Armcc.exe V5.06 update 1 (build 61)
Assembler:       Armasm.exe V5.06 update 1 (build 61)
Linker/Locator:  ArmLink.exe V5.06 update 1 (build 61)
Library Manager: ArmAr.exe V5.06 update 1 (build 61)
Hex Converter:   FromElf.exe V5.06 update 1 (build 61)
CPU DLL:         SARMCM3.DLL V5.17
Dialog DLL:      DCM.DLL V1.13.4.0
Target DLL:      STLink\ST-LINKIII-KEIL_SWO.dll V2.0.18.0
Dialog DLL:      TCM.DLL V1.14.6.0
 
<h2>Project:</h2>
F:\2D_2\Assign\MDK-ARM\Assign.uvprojx
Project File Date:  04/11/2018

<h2>Output:</h2>
*** Using Compiler 'V5.06 update 1 (build 61)', folder: 'E:\Keil\ARM\ARMCC\Bin'
Build target 'Assign'
compiling stm32f1xx_hal.c...
compiling stm32f1xx_hal_flash_ex.c...
compiling stm32f1xx_hal_gpio_ex.c...
compiling stm32f1xx_hal_gpio.c...
compiling stm32f1xx_hal_dma.c...
compiling stm32f1xx_hal_uart.c...
compiling stm32f1xx_hal_rcc_ex.c...
compiling stm32f1xx_hal_flash.c...
compiling stm32f1xx_hal_cortex.c...
compiling stm32f1xx_hal_adc_ex.c...
compiling stm32f1xx_hal_pwr.c...
compiling stm32f1xx_hal_rcc.c...
compiling stm32f1xx_hal_tim_ex.c...
compiling stm32f1xx_hal_tim.c...
compiling stm32f1xx_hal_spi.c...
compiling stm32f1xx_hal_adc.c...
assembling startup_stm32f107xc.s...
compiling stm32f1xx_hal_spi_ex.c...
compiling system_stm32f1xx.c...
compiling main.c...
../Src/main.c(101): warning:  #940-D: missing return statement at end of non-void function "clearBuffer"
  }
../Src/main.c(172): warning:  #940-D: missing return statement at end of non-void function "changeVol"
  }
../Src/main.c(193): warning:  #550-D: variable "color" was set but never used
      uint16_t color;
../Src/main.c(194): warning:  #177-D: variable "pos" was declared but never referenced
  		char pos[50];
../Src/main.c(226): warning:  #177-D: variable "level" was declared but never referenced
  		int level = 0;
../Src/main.c(233): warning:  #177-D: variable "i" was declared but never referenced
    int i= 320;
../Src/main.c(234): warning:  #177-D: variable "line" was declared but never referenced
  	int line=0;
../Src/main.c(236): warning:  #177-D: variable "j" was declared but never referenced
  	int j=320;
../Src/main.c: 8 warnings, 0 errors
compiling stm32f1xx_it.c...
../Src/stm32f1xx_it.c(46): warning:  #1295-D: Deprecated declaration bufferIsEmpty - give arg types
  extern int bufferIsEmpty();
../Src/stm32f1xx_it.c: 1 warning, 0 errors
compiling stm32f1xx_hal_msp.c...
compiling et_stm32f_arm_kit_lcd.c...
..\ET_STM32F107\et_stm32f_arm_kit_lcd.c(1386): warning:  #177-D: function "delay" was declared but never referenced
  static void delay(__IO uint32_t nCount)
..\ET_STM32F107\et_stm32f_arm_kit_lcd.c: 1 warning, 0 errors
linking...
Program Size: Code=11348 RO-data=4952 RW-data=40 ZI-data=1312  
FromELF: creating hex file...
"Assign\Assign.axf" - 0 Error(s), 10 Warning(s).

<h2>Software Packages used:</h2>

Package Vendor: ARM
                http://www.keil.com/pack/ARM.CMSIS.4.5.0.pack
                ARM::CMSIS:CORE:4.3.0
                CMSIS (Cortex Microcontroller Software Interface Standard)
   * Component: CORE Version: 4.3.0

<h2>Collection of Component include folders:</h2>
  F:\2D_2\Assign\MDK-ARM\RTE
  E:\Keil\ARM\PACK\ARM\CMSIS\4.5.0\CMSIS\Include
  E:\Keil\ARM\PACK\Keil\STM32F1xx_DFP\2.0.0\Device\Include

<h2>Collection of Component Files used:</h2>

   * Component: ARM::CMSIS:CORE:4.3.0
Build Time Elapsed:  00:00:27
</pre>
</body>
</html>
